     _
q q  q           q  q      _    __ q    _
q _q_q_    _  _ qq qq  qqq ___  _q__qq_ qqq  q
q_q__qqq _ __ _qqqqqq_q_qqq____q___q_qq q___ _       _
qqq_q_q____q_qq___qq__qqqq_q_qq_qqq_q_q_qqq_q__q_______qqq_qqq___q
