      H :         H
 :   H: :H:H  :   :
 H   HH HHHH  :H  :H:        H  :
 :  H:::H::H::HHH HH: : H:  :HH :   :  H
HH::H:::::::H::HHH:HH H ::H H:::: : H  :
H:H::H::::HHHHH:::HHH::HH::HHH:HHH: H  :: H
HH:H::HH:::::::HHHHHHHHHHHHH:HH:::: H  :H :  :
HHHHHHH:HH:::H:HH::H:HHH:::::H:HH::HH: H:HH :: :
H::HH:::::HHH::H:HH::::HHH:HH::HHH::HH HHHHHH::HH  H
:H:HH:H:HHH:H:HHH::H:::::HH::::H:HHH:H :HH:::HH:H :H
H:HHH:::HH:HH:::HH:::::H:HHH:H::H:HHH:::::::::::H:::::  HH:
:HH:H:::H:::::::::H::HH:HH:HHH::H:H:HH::::H::HHH::::HH ::HH HH H     :
:HHH:HHH:HHH::H:::HHH::HHH::HH:::::H:::H:H:H::H:HHH:::::HH: ::H:HH H::H: :
HHHHHH:H::::::H:HHHH::H:HHHHH:H:::HHH::HHH::HH:H:H:H::H::H:H::::H::HHHH:H::H
