  p
  A
  A  A p
 pp  A p pA     p pA     p    p                 A
 ppAAp p pppAp pA ApA AppAAp Ap   A  A p      AAp
pApAAAAA pppAA pAAAAp ppAAAA AA   pA A Ap p  AAppp p
pAApAAAApApAAA pApAApApApApppAAApAAAApAppApppApppp p   AA              AppA
pApAAAAppApppppAApppppppAApApAppApAppApAAppAAAAApppAAA ppp  p  pAAAA pApAppA p
AAApAAApAApppppppAAAAApApApppApApAAppAApApAAAppppppAAAAAApppApppApAApAppppApAA
