       T
       u                    u
     T T      u             u
T   uT u      T u           u
T T uuTu u  u u uT       u  u
T uuuTTuuTuuT TTuTu      uu u
u uuTTuuTuTTu TuuTTTTTTTuuT TT u   u
uTuTTuTuTTTuT uuuuuuTTuTuTTTuT u   TuT
TuTuuuTuuTTuuTTuuuuuuTTuuTTTTuTTuT uTT uu   u
uuuTuuuuTTTTTTuuTTuuuTuTuuuTTTuuuu uTuTTT   u T
TuTuuuuuTuuuuuuuuTTuTuuTTTTTuuuTTTTTTTTuu T TTT    u    u  u
TuuTTuTTuTuuTTuuTuuuuuuTuTuTuTTuuuuTTuuuTuTTTTT u TT   uuTTu
TTuuuTTTTuuTuTTuTuTuTTuTTuTTuuTuuTTuuuTuTuTuuuTuuuuuTTTuTTTuuTTTTuTuTT
