   K
   (( K( K(KK
   (KK(K ((KK((( K  (   (   ( (K  (
 KKK(KKK((KKKK(( (((KK  K(  (K((( ( KK K
(((((KKKKK(KKK(((K(K((K(KKKK(KK((K(K((K(KKKK
