            9
            9   P  99 P
 9          9P  9 9PP P    9
P9       99999 P999PP9PP9 P9 9P  9P
P9    9 999P99 9PPPPP9PPP 9P 9P9PPPP P9  9 P
P9 9 9P99PP9PP9PP9PP9P99P9P999999PPP P9 9P 9  P 9
P9 9 999PP9P99P99PPP9P9P9999PP99PPPP P9PPP9P PPPP   9
9999 99P9999P999P9PP9P9P999P999PPPPPPP9PPPP9 999999PP9P PP    9
9999999PP9999P99PP9PP999999P9PP99PPP9PP999P99P999P999PPP9P9P99P999P9P99
