 `
 o   `
oo   ` `
``  oo o `        `
oo  `` ``o     `  `    `o
`o``o```o`     oo o o` `o  o
````o`oo``o o  `o`` `oo`oo``
o`o`o`oo``` o`ooo`o o``o``o`   ``  o
`o`o`oo`oo```oo`o```o```oo`o  ``o  ```o
o````o`o`o`ooo`o``oo`o`````ooo```o o```o ` `
ooo`ooo```ooo``ooooo`ooo`o`oo``o`` oo`oo o`` o `
`oooooooo```oo``o``````oo```oooooo``oo`o ``` `o`   `    ` `  `
`o````o`ooo```o`ooo``````oo```o`oo```o`o``o` ooo o ` o ``oo  `` o
`o`o`oo`oo`oo`ooo```oooo````ooo``ooo```o``o` ooooo`oo``o``oo `o`ooooo`o
````oooo`````o``oo`oo``o``ooo`o`o`o`ooo`oo`oo`ooo```ooo`o`oo`oo`o```o``o``ooo`
