                    x`
             `      xx    `     `x `
     `       ``x    `x  x `x   `x`xx
  x`xx `     `x`   xx`  ` `` x x`xxx`       x
  ```x``   x `x` x `xxxxxxx``x````x`x` x    x
  xxx`x``x x `xx `x`x`x`x``xxxx`xxxx````   `x    `
` x`xxx`xxxx ````````xxx``x`xxx`xxx``x`xx`xx` `  x`
`xx``xxx`````xx``xxxxxx`xxx`xxxx``xx`xxx`````x`xxxx x  ` x           `  x x
`x``xx``xxxx`xxx`xx`x``xxxx`x```xxxx`x``x`````xxxxxx` xx`x `  ``x   ``xx`x`
```xx```x`xxx`x`x``xx`xxx````x`xx`xxx````x`x`xx``xx`xxxxxx``xxxx``````x`xxx`
