      ~          f
~f    ~~       f ~f ~    ~
~~ff  f~  ~  f f~~~ ~    ~
~~f~  ~f~~~f ~ffff~ ~f~  f
ff~~~~f~f~~f f~~ff~~f~f  f~f f~~ ~
ff~ffff~~f~~f~f~~~fff~~fffff ~~f~f
f~f~f~~f~ff~f~~ff~~fff~f~~~~~fff~~~
