                #
     # #        p
     pp#  ## p# #
     #ppp pp pp##  p#p   #  #
     #pp# pp###p#p####p #p  #
     ###p p#p###pp#pp## p##pp
     p#p####pp#p#pppppp##pp###p#  p # p pp#
 #   ##pp##pp##pp##ppp##p#p#pppp# p#ppp ppp#ppp  ##p    p  p#   #
#p  pp#pppp#pp#pppppppp##pp#pp##p####pp#p##ppp##ppp#p pppp ##  ###      #
#pppppp#pp#ppppp#pppppp###p#ppp##p##p####p####p###p## #p#p#p#  #pp## #ppp p
ppppp#pp##ppp###ppppp##ppp#pp#pp#p#p###ppp#pp###ppp#pp#p#p#pp####ppp###pp##p##
