    -
    -
    XX
 - -XX  X-
 - X--- -X-  X
-X----- -X-  X X        -   -
-XXXX-X ----X--XX-XXX-  -   -  -
XX-X-X-X-XXXXXX---X-XX  X - X  -X   X  X  X
X----XXX-XX---XXX--XX-X X X --X-X - X  X XX       X X -  -
X----------X--X-----X-XXX-XXX--X-X- XXXXX--X- X - XXX X  - -X--- -----X
---XX--X-X--XXX----X--X-XX-XX-XXX-XX--X-X---XX--X--X--XXX-X--X-XXX---X-XX
