        D
 (      D      D
 D(     (     (D  (         D
((D    DD( D  (D( D        (D     ( (
(DD(   (DDDD  DDD (( D D (DD(    (( ((
DDD(( D((DD( DD(((DD D ( (D(D (  (D((D D (
D(D(( DD(DDDDDDD(D(D (D( D(D(DD (((D(( D (  DD          D  (
DDD(D D((DDD(((((((((DDD((DD(D((DDD(((DD D DD(D   (  (( DD D      D
D(DDDDDDDD(DDD(DD((D(DDD(DD((D(D(D(DDD(D ( D(DD(D (((D(((( (  (DD D
(D((DDD((DD(DD(DDD(DD(D((D((D((D(((DDDDD DDD((DDD(DDDDDD(D(D  D((DD (
DD(DDD(D(((DDDD((DD(((DD(((DDDD(DDD(((DD((DD(D(DDDDD(DDD(D(D(D((D(D((DD(D((
