   N
   >
   NN   N
N >NN   >      >
>N>NNN  N      N>
>>NN>N> N  >N  NN       >
>NN>NN> NN >NN>>>       >     >
>NN>>N> N> N>>>N>   >N  >     > >
N>>>NNN>>> >>NNN>   NN  > >N >N >N  > > >   >
>>>NN>>NN> >>>NN> >N>>  N N>>NN>NN NN>> N   >N
>>>NN>>>>NNN>>N>>NN>>> N>N>NNN>>>N N>NNN> > >>   N
>NN>N>N>>N>N>NNNNN>>>> >NN>>>>>>NN>NNNN>>N>>N>   >
NNNN>NN>N>>NNN>>NNNN>>N>>NNN>>NNN>>>N>NN>N>NNNN N>N  N
N>>>>>>N>NNN>NNNNNN>NN>>NN>>>NN>N>NNNNNNNN>NNNN >>> NNNN NN > >
>N>>>>N>N>>N>NN>NN>NNNN>N>>N>NN>>>NN>>N>>N>NNN> N>> NN>> >>>>>>NNN  >>
NNNN>>>>N>NNN>>>N>NN>>N>>>>>>>NN>N>>N>NNNN>NN>>NN>>NNN>>NN>NN>>>NNN>>>>>>NNN
