      $
   I  $
 $$$ II
 I$I $$$    $  $       I I   I
I$$$II$$I   I II    I III$ I $$I   $
IIIII$$II I I$I$I $ $I$$$I $$I$I  I$I$
I$III$II$I$$$I$$II$ $III$$ I$II$$ $$II $
$I$IIII$I$I$I$$$I$I$IIIII$$I$$$I$$$$II I  $  I
$$$$I$I$IIIIIIII$$III$$II$II$$$$$$I$$$$$II$$$$I
$$$$I$III$I$$$$$II$III$$$I$$III$$$$III$$$IIIIIIII $I$   I
$$$IIIIII$$$I$$I$III$I$II$$$$$II$I$I$II$$$$$$II$$$I$II$$III$$I$I
