     +
     I    ++
     I    ++ + ++
  II + I  ++ ++I+ I+
  IIII I++++ +II+ I+ ++   II
I +I++++I+III++III+III+++II+ +I+  +I+ I    I
I +IIIIII+++++++II+I++II++IIIII+  +I+ I I+II+I++I I
++++I+++III++II+IIIII+II++I+++I++++++II++I+I+++I+I+II++++I+I+++I+I
