 xAA AA A Axx xx A  x AA
xxAxxxAxAxAAAxxAxxAAAxAAxxxxAxAxAxxAAAAxA
