      b
      bm   m          b
      mm   mb    b   mbb
   bm bmmm bm mm bbbbbbb mbm       m        b
   bmbmbmbbmbmbm bmbmbmmbbbm b m   bmm   bm mmm b   mmm  m  m
 bbbbbbbbmmbbmbbbbbbmmmmbbmbbm mm bbbmbbbbm bbm bbmmmbmb mb bm mbm mm m
bbbbbbbbbbbbbmbmmmbbbmmbmmmmbbmbbmmmmmmbbmbbbbbmbbmmmbmbbbmbbmmmmmmmmbbmbbmm
