  D   DcD   D c D c      cDD c DDc
ccccDcccDcDDDDccDDDcDcDDDDcDccDcccDcD
