     ^ J^  J
J    ^ ^^ J^^ ^^
J J  ^^^^ JJ^^JJ     J    J
^J^^J^J^J^JJ^^JJ^    ^^   J^
^^^J^^JJJJ^J^JJJ^    J^   ^^   ^      J
^^JJ^^^J^^^J^JJJJ^   ^JJ  J^J J^   J  J J J JJ JJ ^
^J^^^J^^J^^^^J^^J^J^JJ^JJ JJJ ^^^JJ^ ^JJ^ ^ ^J JJ^^J J  ^
^^J^JJJ^JJ^JJJ^JJJJ^J^^JJJ^^J^^^^J^^ ^JJ^^JJJJ JJJ^^JJJ J^ ^J    ^ J^  ^
JJ^JJ^J^JJJ^JJ^^^^^J^^^J^^^J^JJJ^^JJJJJJJJ^^^^JJJJJJJJ^^^J^JJ^^JJ^J^^JJJ^J
