                      @B
           @      B@  @B          B     B
   @ B@ B@@B   B@ B@ @B@ BB     BB@     @ B  @  B       B
 @@@B@@ B@@B   @@BBB @@B @@B    @@B @   B B@B@ @B @   B @ B         @
 BB@BBB@@BBB @ BB@BBB@@@@BBB  @B@BB B@B B B@B@B@@ @ @ @B@@B B B B@ B@  @
 @@BB@BB@BB@ @ @@@@BB@@B@@B@@ BBBB@BBB@BB@B@B@@@@@B BB@@@@@ @ @@@B@BB@@BB@@
 @@@B@BB@@BB@@ @B@B@@@@@BB@@@@@@B@@B@@BBB@@@BBB@B@B@@BB@B@@@@B@B@B@B@BBB@BB@@
@@@@@@@B@B@@BB@@@B@@B@BB@B@BBB@B@BB@@BBB@@@@BBB@BBBB@@B@BBBBBB@B@@@@BB@@B@B@B@@
