  @K      K     K@     @K
 K@K@ K  KKK    KKK  KKK@@     K
 KK@K@@K @KK@KKK@K@@ @KK@@@ KK @@KKK  @K   K@K @@
@KK@@@K@@@@K@K@K@@KK@@K@KKKK@@KK@@@K@K@@KK@K@@@KKK@K@K@@KK@@@@@@@@@@K@
