  U    U    U U
  X X  U    X UXU
 XX X XX   UX UXX XX    X   X             UU  U
XXXXX XXU XUXUUXX XX XUUU   X          U UUX  U  X
XUUXX UUXXUXUUXXXUUXXUXUU UXUUX        XUXUX UX  U
XXXXXUXXUUUUUXXXXXXXXXXXU UXXXU  U   XUUXXUU XUX U          U
XUUXUXXXUXUUXUUUXXXXXUUUUUUXXUXUXXU XXUUXUUXXXXX X UX  X    UUX X
XXUXUXUXUXXUUUXUXUXXUUXXXXXXUUXXUXUXXUUXXUUUUUUX U XX  XUUXUXUXXUX
XXUXUXXXUUUXUUXXXUUUXUUXUXXUUXUUUUXXUUUUXXUUXXXUXUUXUUUUUUXUUXXXXX
XXXXXUUXXXUXXUUXUUXUXUUUUUUUUXXUXUXXXUXUXXUXUUUUXXXUXUXUUXUXXXXXXUUXX
XXXUXXXXUXUXUXUUUUUUUXXUUXXXXXXUXXUUUXXXUUUXUXXXUXUXXUUXUUUXUXXXXUUUXXUUXXU
