 W             W      W
 WWW CCC      CCW  CW WCC
 CWWCCCCWCC   CWW CWCWCCW WC   WCWCWW       W        C       W
 CCWWWWWWWWW WWWC CCCCCWW CCWCWWWCCCW  W WW W W  CC  CWC CC CCCC  W C W WC
WWCWWWWWWCWWCWCCCCCWCWWWWCWCCWCWWCCCC CCCCCCWCCWCWWWCCCWWWWCWWWWCCCWCCW CC
WWCWCWWWCWWWCWCWWWWCCWWWCWWCCCWCWWWWWWCWCWCCWWWWCCWWWCWWCWWCWWCCWCWWCWCWWCCWC
