              '
     '    '   pp
     p   pppp pp
'    pp  p''' p' p   '   p     p
p '  pp' 'pp''p' ppp'p ''p 'p' p   p  'p pp'p      '
p p' 'p'''pp'pp'''ppp'p'p''ppp 'pppp 'p' p'p'     ''pp  pp '
p '' '''''p'''''ppp''p''pp'''p'''''p'''ppp'pp'p' pppp'p '''''p  p'' '' 'p
'''''''p''p''''''p''pp'''p'pp''p''pp''p'pp''p'p'p''p'p'pppp'''pp'pppp''''p
