L L   \\
LLL\L\LL\L\\\\\\L\LLLL\L\LLLLLLL\\L\LL\\\\LLLLL\\
