  __  _
 /__ //_/_   _
//////_/////_//////___/___/_/_/__/_____
