       w  w  wwj w j   j w               w
  j jwwwjjwjjwjwjw jwwwj jj w jjww jj  j wj  jj jjw
jjwwwjjwjjwjjwjwwjwjjjjwjjjwjjjjjwjwwwwwjjwjwwjjjjwwwwwwjwwjw
