 j S          j        S
 SjSS S S     S j   S  SS
jSSSj j SSj SSSSjjj S  SS  S
SSSjS SSjjSSSSSjSSj S  SSjSS  SS   j
jjjjjSjjSjjSSjSjjjjjjS jSSjSjSjj SSj j           j
jSjjSSjSjSSjjSSjjSSSjjjSjjjjSjSj jjSjSS jS   SSjSS   j j
SSjSjjjSjjjjSSjjSjjSjSSjjjjjjjSj SjSSSj SSj SSjSSjS jj S
jSSjjSjjSjjjSjjSSSSjjSjSSSSSjSjSSSjjSSj SjSjjjjSSjjjSj j SSj    j j  j
SSSSSSjSSSSjSSjjSSjSjjjSSjjjjjjjSSjSSSSSjjjSSjSSjSjjjSSjSSjSS  SjSj SS S
jjSjjjjSSjSjjSSSjSSSjjSjjjjSjjjjSjjSSjjjjjjSjjSSSjSjSjSSSjSSjSjSSSSSjSSjjjjjS
