   U
   S
 U S SS    S   U
 U U US    S   U
 U UUUU UUSS   S
 USUSUS UUUSSU US U U     S
USSSSSUSUUSSSSSSUUUUU   SUU S   U   U    S   S
SUUSUSUSUUSSUUSSUUUUU   SUS U USS SSUU   SSU US UU U
SUUUSSSSUSUUUUUUUSUSSSUSUUSUSSUSS SUUSUSSUSU SS SUSUU
UUUUUUUSUUUSSUUSUUUUSUUUUUSUUUUSUUUUUSUSSSUSSUUSSSSUSS
