   A
A  H
AAAHH               A A
HHAAA AH      HA H HHAH         AH      H
AHAHHAAA  H AHHA A HHAHAA   A H HH A    A
HAHAHAHAH H AAAH A HAAHAA  HH AAHH H HH AAA    A
HHAHHAHHAHAAAHAAHA AAHAHHHAHHHAAAAHHHHHAHHA    H A
HAHHHAAAHHHAAAHHHAHAAHAAHHHHAHAAHHHHAAAAAAAH  AHHA H
HHAHAAAAHAHAHAHAHAHAAHAHAAAAHHAHHAHHAAHAAHAA  HHAAHAHH H
AAHHHHHAHAAHAHAHHHHAAHAHAAHAHHAHHHHHAAHHAAHHHAAHAHAHAHAAA
