          6
        yy6
        6y6 6   6
    y 66y66yy yyy
6   6 6yyy6yy6y6y     6
6  66 y6y6yyyyyyy     6y66
y6 66y6666yy6yyy6   6 66yy 6y
6y666yyyyyyy66yy6   y66y6y 66
y666y66yy6yyy6y6yy yy6yy66 yy     y yy     6         y
6y66yy66y6yy6y6666 66yyyy6 6yyy6  666y 6  y6    yy yy6
66666yyyyyyy6yyy6y6y6yy6y666yy6yyyyyy6yy6 yy6yy66yyyy66y
66666yyyyy6yy6666yy6yy6yyy66yy6y6y6666666y6yy6y6666yyyy6y66yyyyy6yy6y
