       g g g
       g g # g
    ## # #g# g
    gg gg#gg # g       g    g
ggg #ggg##gg #g##  g#  #   g#g    g      #
g## #gg#gg## ###ggg##  g #ggg#g g g #g## #g #g       #   #
ggggg###g########gggg####g#ggg##g # g#gg##g gg gg#g ##g# #g ##
gggg#ggg#####gg####g##g##ggg##g##gggg#gg#ggg#gg##g#gggg#g###gggg##g#g#gg
