 cc   ck c    k    ck    c
 cc k ccck c kc kckkc c kck   c kk k
cccckcckccccckkkckcckcccckccckkkckkcckckkkkckkkcckcckcccccckkckck
