                 U  `  `
` U   `  U       U  U UU   U     `
U`U U U ```  `U  U ``U`U` ``   ` U
UU`UUU````U `U```` U``UUU UU U U U   `
U`UU```U`U`U```UU` `UUUU```UUUUUU```UU
UU`U``U`U`UUU``UU`UUUU`U``U`UUU````U`U``UU``UU
