         1              R
   1     1 R1   R       111 1R
 R11   1 1 1R  1R   R 1111RR1R 11  R     1
R1R111 1R111R 11RRR11RRRR1R11RR1RR 11R 1 1RR R         1
111111 11RR111R1RR1R111RR1R1RR1R1RRR11R1111111111R1  R1111R 1 1     R11
11111111111111RR1R1RRR1RR1RR1111RR1RR11RRRRRRRR1R11RRR111RRR11111R11111R1R1RR
