9A  A9A  9  9
A9AA99A9999A999999A9AA9999999AA99AAAAA
