E         E   E
EE        " " "
EE    " ""E E "E  "    " "
""    """"""EEE" E"EEE"" "E    "
E"""" "E"""""EEE"""E"E"E """   " "     """ E E E   E
"""""""E"EEEE"E"EEE"E""E"E""""""EEEE"EEEE"E"EE"""EEE""EE""EEE""E"""EE""
