rN
rN            r
Nr  N   N    NN  N
rr rNr  rN rrrr rN
rr rNN NNN rrrNrNN r rN   r N
NN rNrNNrNrNNNNNNN NrNr   Nrr
NNNrNNrNrNNNrNrrrNNrNNr r Nrr   N  r
rrNNNNrrrNrNNNrrrNrrrrrNNrrrNrN r  rrN  N Nr     N
rrNNNNNrrNrNrNNrrrrNrrrNNrrrNNr rNNNrr  N Nr  rr rN    r
NNrNNrNrrrNrNNNNrNrNrNNrNrNNNrr rNrrrN  N rNr rN rr NrNr NNrNrr
rNNrNrNrrNrrrrNrNNrrrrNrrrrrrNN NNrNNNrrNNNrNrNNrrr rNrNrrNNNNNN
rNrNrrrrNNNNNNNrNNNNrNrrNrNNNNNNNrNrrrrNNNrrrrNNNrNNrNNNNNNrrrrr   N rrr
rrrrNrNrNNNNNrrrrrNNNrNrrrNrNrrrrNrNNrNrrrNrNrNrrrrrNNNNrNNrrrrNrrNrNNrrNNrN
