          6
          6   6   6
      _66 _  __   6   6
     66__ 66 6_   6   6 _  _6          6    6 _             6    6
     __6_6__ _6_  6__66 6  6_     _    6    6 6_    _ _66   6    66
     6___6__ _6__ _6___ _  6__ _66666__6_  _6 6___ _6_66_6 __6   66 _
     _6666__6666____6_6_6 _6__6_6__66_6_66 __6__6666666_____66 66__6_  6
 ___ __6_6_6_6___6__6_666 ___6___6__66_____6_6_6_6__666__6_66_ _66__66 _6_ 6__
________6__6_6_666___6_6_6___66_666__66_66__66_666__66___666666_6__6__6______6_6
