           [
 [ [ L [L LL  L[[ L  L               L    L
L[ L [[L[[[L  L[[L[ LL   [      [[ [ L [[[[ [  L L
L[[[LL[L[[[LL LL[LL [[L[L[[ L[L [L [[[[[L[L L L[ [ L L[[ [
[[LLL[[[LL[L[[L[LL[[L[LL[[LL[[[[[[L[L[[[[L[[LLLLL[[[[L[L [L  L [
LLLL[LL[[L[LL[LLL[L[LL[[[LLLLL[[[LL[LLL[[[[[L[[LLLLL[L[LL[L[[LLLLL
