       Z
ZZ  a  Z
Zaa a  aZZ       Z
ZZZZa  ZaZZ Z    a
ZaZZaZ ZZZZZZ   ZaZa a   a
ZaaaZZZZZaaZZ   ZaZZ a aZa
aaZZaaaaaaaaaZZaZZZa ZZaZZ aaa       a
ZZZaZaaaZaaaZaZaaZaaZZZZZa ZZa    a  Za  Z     Z        Z
aZZZaaZZaaaaaaaZZaaaaZZZZa ZaZ Za Z aZa  a ZZ  Z aZ Za  Z
ZZaaaZaZZaaaaaaZZZaZZaaZaa ZZaaaZZaZZZaaaZaZa  ZaZZZaaZ Z    a
ZaZaaaZZZaZaaZZaaZaZaaaZaZ aaZZZZaZaZaZZZaaZaa aZZZZaZaaZ    a a
aaZZaaaZZaaZZaZZZaaZZZaZaZaaZaZZaaaaZaaZaaZZZZZZaZZZZZaaZZaZaaZa a Za
aaZaaaaaZZaaZaZZaZZaZZZZZZZZZZaaZaZZZaaaZZaZaZaZZZZZaaaaZaZZaZZaZaZZZZZZZ
