 } S
 S S
 }SSSS}
 }}S}}SS    S    }S }}              }
 }S}}}}}}}S S}S  }S S} }     S  S   S S    S
 }SS}S}}}}S }}S} }} }SS}}}S }SSS}  SS}} } }S S}      S
 S}S}}}S}S} S}}}}}S S}}S}}} SSS}}} }}}S SSS} }S      SS
}S}}}}}SSSS}}}}}}}}}SS}S}S}S}SS}SS}SS}S}}}}}SSS S S S}}}    }  }
}}}}}}SSS}S}S}SSS}S}}}S}S}S}SSSSS}}S}SSS}SS}}}SSS SS}}}S } }S SS   }S
S}}}S}SS}}}SS}S}}}SSS}S}SS}S}S}SSS}}}SSS}S}}}SS}}}S}}S}S}} }}}SS} SSSS
}}}S}S}SS}SS}S}SS}}}}}S}}}SSSSSS}}}SSS}}}}SS}S}S}SSS}S}}}}S}S}S}}}SS}}S}}
