     V
     V
  VV 6                     6
 6V666          V    6  6  V
 VV66VV    6 6  6  6 V  VV 6   6  V6
VVV6V6V V  V V 6V6V6 V  VVV6   V  6V
V6V6VVV 66V66VV66VV6 V  V6V6 6VV  6V
V66V6VV66VV6V66V666666  6VV66VVV  6V      V V
6VV66V6V6VV6V66V6V66V66V6VVV6V6V  VV6     VV6    6
V6V66VVVV6V6V6VVVV6666VV66VVV666 6V6V66666V66  V V  V666
VVVV66V6V666666V666VVVV6V66666VVVV66V6V66VV66  V 6V6V6VV
VVV6VVVVV6V6VV6V6VVV66V6666666VVVVV6V666VV66V6VV6666VV66V   6V
6V66V6V6VVVVV66VV6VV6666VV66VV666V666666V6VV6VV666VVV6VV6 6 666VV 6  6   6
VV6VVV66VVV66VV6V6VVV66VVVVVV6VV6VV6V66VVV66666VVVV6V6V6V6V666V6VV6V6VV6V6666
