   ,
 ,FF ,
 F,, F  ,         , ,
,,F, ,F FF,   F,  ,,F , ,F     ,,,  ,,  , F  ,F
F,FF,F,FFFF,F ,, F,FF , ,,,F,  F,F,,,F,F,FFFF,FF    F,,
,,F,,F,F,F,,,F,,,,,,,,F,,,,F,F,FFF,F,,FF,FFF,F,F,F,,FFFFFF,
