       !       c
! ! !c !   !   c   c  !
c !c!c!! c!cc cc! cc !! !c  c  ! c    !cc c      !
c!!!!!cc c!cc !!c !! c! !c! c! cccc!ccc!c!c ! c! c c !!     !c
cc!cc!!!cc!!c!c!c!c!!cc!ccc!cc!c!ccccc!c!!cc!c!c c!!!c!!cc!!cccc
cc!!!c!cccc!cc!!c!cc!ccc!!c!!!!c!!cccc!c!!!cc!c!c!!cc!cccc!c!cc!cc!cc
