   T
  }T      T
 }TT}}   TT   } }}
 }}}TT T }T   T}}}       T    }T  T   T
T}}}}}T}}T}  }TTT}   T}}TT T TTT  T   T T T
}T}}TTTT}TTT }TT}TT T}}TT}}T }TT} }  T} }}}      }      }     T
T}TTT}}}}}TT}}}}}}}}}TT}}}T} T}}}}T  T}TT}}T  }TT}  }} T}T  TT}}
T}}}T}}TTTTT}}}}T}}T}}}T}T}}}}T}}}TTTTT}}}}TT}}TT}}}T} T}}}}}T}} } }}
}}TTTTT}}}TTTTT}T}TTT}}T}}}}}}}}T}T}}T}T}}}}TTTTTTTT}T}}}TTTT}TT}}}}}}}}TTT
