 `Y   YYYY `        `
 `Y ` Y``` ` `    Y Y Y
 `Y```YYYYY` ``  `Y Y `YY` Y    ` `      Y
`YY`YY```YYYY`Y`Y``YY ``YYYY  ` ``` ` Y  Y  `
`YY`Y`YYYYY```````Y`Y ```YYY```YY``Y``` ``  ` `
`YY`YY`YY``Y`Y````YY``YY``Y``YYYYY``Y``Y`YY````Y`    `
YY```YYYY``YY`YY`Y`YY`YYYY``YY`YY`YYY``Y`Y``Y``Y`YY YY`` ```Y
``Y`Y`Y`Y```YY`Y```YY`Y````YYYY```Y`Y`Y``YYY``YY`Y`Y```Y`Y``Y`YYYY
