                 5
           5 5o  5
  o      o 5 oo5 5o   5   o   5   o   5
 55   5  oo55oo5 oo 5 5  o5   o   o   oo    o
5oo55 o oo555ooo5555o5ooo555  o o oo555o    5o5
o5oo5oo5oo5ooo55oo5oo5oo5ooo55ooo5oo555oo 5 oo5  o5
o5o5o55ooo5555oooo5o55oo5oooo55oo55555o5o55o5o5 55o o55   o        5
5555oo555o5o5o5o5o55oo5o5oo55oo5555o5o5oooooo5oo5o55oo5o  o555oo5o 555 o
ooooo555o555555ooooooo5o55o5o55o5ooo55oo555555o5555555ooo5o5oo5o55o5o5o5ooo5
