  Y        Y
  Y       3Y      Y
  3 3     3Y3   YYY   3
  Y 3Y   3333 Y3333 3 3      3
 3Y333Y3 3333 3Y333 Y Y YY   3YY  YYY 3 Y
YY3YYY33 Y33Y YYY3Y3YY3 YY3 Y333  Y333YYY3Y    3
Y3Y33YYY 3Y33YYY33YYYY33YY3333YY YYY33YYYY3YYY Y  YY  Y
YY3YY3Y333Y3Y3Y3YYYYYYYYY333Y3YY3YY3YYY3YY33333YY 333333  333
YYY33333Y3Y3YYY33YYYY33Y333Y3YYY3Y333Y33Y33YYY3Y3Y3Y3YY3Y33YY 3 3  YY3Y
YY33333YY3YY33YYYY333YYYY3YYY3YY33333Y3YY33333Y33YY33YYYYY3YYYY3333YYYYYY3YY3
