     c
    cc
   [[[   [ [
   ccc  [c c    [           [
   [c[  c[ [ [  ccc         c [
[ [ccc  [c[[ c  [c[c   c[   c c            c
[[c[c[  [[c[ [c[[ccc   [c[ccc c [      c   [
[[c[[ccc[cc[ [[[cc[c c [[[ccc c [c[   [[   c
[cc[c[cc[[cc [c[cc[[[[cc[c[c[ c [[[c c[[[ccc[
[c[ccc[c[[[[c[cc[[[[cc[c[c[ccc[[cc[c c[[c[cc[ c      c
[cccc[ccc[[cccc[[c[cccc[c[cc[c[ccc[c [cc[cc[ccc[cc[c[c  [  c    c
c[c[[[ccc[cccccc[ccc[cccc[[cc[[c[c[[[c[[[c[cc[[ccccc[cc c  cc[  c
cc[cccccc[cc[c[[c[ccc[[cc[c[[cc[cc[[[cc[c[c[[[[c[c[c[c[[c[[[[cccc[[cc [ [
ccc[[c[ccc[c[cc[ccc[[c[[[c[[[cc[ccc[[[[[[cc[[[[c[cc[cc[c[[[ccccc[[ccc[[c[cc[c
